CRITICAL - 2025-04-18 01:28:55 --> Error: Call to undefined method App\Controllers\admin\LoginController::initController()
[Method: GET, Route: ad]
in SYSTEMPATH\CodeIgniter.php on line 904.
 1 SYSTEMPATH\CodeIgniter.php(498): CodeIgniter\CodeIgniter->createController()
 2 SYSTEMPATH\CodeIgniter.php(354): CodeIgniter\CodeIgniter->handleRequest(null, Object(Config\Cache), false)
 3 SYSTEMPATH\Boot.php(334): CodeIgniter\CodeIgniter->run()
 4 SYSTEMPATH\Boot.php(67): CodeIgniter\Boot::runCodeIgniter(Object(CodeIgniter\CodeIgniter))
 5 FCPATH\index.php(55): CodeIgniter\Boot::bootWeb(Object(Config\Paths))
 6 SYSTEMPATH\rewrite.php(44): require_once('D:\\xampp\\htdocs\\webnangcao\\codeigniter\\public\\index.php')
CRITICAL - 2025-04-18 01:33:08 --> Error: Call to undefined method App\Controllers\admin\LoginController::initController()
[Method: GET, Route: ad]
in SYSTEMPATH\CodeIgniter.php on line 904.
 1 SYSTEMPATH\CodeIgniter.php(498): CodeIgniter\CodeIgniter->createController()
 2 SYSTEMPATH\CodeIgniter.php(354): CodeIgniter\CodeIgniter->handleRequest(null, Object(Config\Cache), false)
 3 SYSTEMPATH\Boot.php(334): CodeIgniter\CodeIgniter->run()
 4 SYSTEMPATH\Boot.php(67): CodeIgniter\Boot::runCodeIgniter(Object(CodeIgniter\CodeIgniter))
 5 FCPATH\index.php(55): CodeIgniter\Boot::bootWeb(Object(Config\Paths))
 6 SYSTEMPATH\rewrite.php(44): require_once('D:\\xampp\\htdocs\\webnangcao\\codeigniter\\public\\index.php')
CRITICAL - 2025-04-18 01:33:45 --> Error: Call to undefined method App\Controllers\admin\LoginController::initController()
[Method: GET, Route: ad]
in SYSTEMPATH\CodeIgniter.php on line 904.
 1 SYSTEMPATH\CodeIgniter.php(498): CodeIgniter\CodeIgniter->createController()
 2 SYSTEMPATH\CodeIgniter.php(354): CodeIgniter\CodeIgniter->handleRequest(null, Object(Config\Cache), false)
 3 SYSTEMPATH\Boot.php(334): CodeIgniter\CodeIgniter->run()
 4 SYSTEMPATH\Boot.php(67): CodeIgniter\Boot::runCodeIgniter(Object(CodeIgniter\CodeIgniter))
 5 FCPATH\index.php(55): CodeIgniter\Boot::bootWeb(Object(Config\Paths))
 6 SYSTEMPATH\rewrite.php(44): require_once('D:\\xampp\\htdocs\\webnangcao\\codeigniter\\public\\index.php')
CRITICAL - 2025-04-18 01:33:46 --> Error: Call to undefined method App\Controllers\admin\LoginController::initController()
[Method: GET, Route: ad]
in SYSTEMPATH\CodeIgniter.php on line 904.
 1 SYSTEMPATH\CodeIgniter.php(498): CodeIgniter\CodeIgniter->createController()
 2 SYSTEMPATH\CodeIgniter.php(354): CodeIgniter\CodeIgniter->handleRequest(null, Object(Config\Cache), false)
 3 SYSTEMPATH\Boot.php(334): CodeIgniter\CodeIgniter->run()
 4 SYSTEMPATH\Boot.php(67): CodeIgniter\Boot::runCodeIgniter(Object(CodeIgniter\CodeIgniter))
 5 FCPATH\index.php(55): CodeIgniter\Boot::bootWeb(Object(Config\Paths))
 6 SYSTEMPATH\rewrite.php(44): require_once('D:\\xampp\\htdocs\\webnangcao\\codeigniter\\public\\index.php')
ERROR - 2025-04-18 03:07:21 --> mysqli_sql_exception: Invalid default value for 'date' in D:\xampp\htdocs\webnangcao\codeigniter\system\Database\MySQLi\Connection.php:327
Stack trace:
#0 D:\xampp\htdocs\webnangcao\codeigniter\system\Database\MySQLi\Connection.php(327): mysqli->query('CREATE TABLE `a...', 0)
#1 D:\xampp\htdocs\webnangcao\codeigniter\system\Database\BaseConnection.php(738): CodeIgniter\Database\MySQLi\Connection->execute('CREATE TABLE `a...')
#2 D:\xampp\htdocs\webnangcao\codeigniter\system\Database\BaseConnection.php(652): CodeIgniter\Database\BaseConnection->simpleQuery('CREATE TABLE `a...')
#3 D:\xampp\htdocs\webnangcao\codeigniter\system\Database\Forge.php(570): CodeIgniter\Database\BaseConnection->query('CREATE TABLE `a...')
#4 D:\xampp\htdocs\webnangcao\codeigniter\app\Database\Migrations\2025-04-18-025850_CreateAdminTable.php(43): CodeIgniter\Database\Forge->createTable('admin')
#5 D:\xampp\htdocs\webnangcao\codeigniter\system\Database\MigrationRunner.php(866): App\Database\Migrations\CreateAdminTable->up()
#6 D:\xampp\htdocs\webnangcao\codeigniter\system\Database\MigrationRunner.php(182): CodeIgniter\Database\MigrationRunner->migrate('up', Object(stdClass))
#7 D:\xampp\htdocs\webnangcao\codeigniter\system\Commands\Database\Migrate.php(85): CodeIgniter\Database\MigrationRunner->latest(NULL)
#8 D:\xampp\htdocs\webnangcao\codeigniter\system\CLI\Commands.php(70): CodeIgniter\Commands\Database\Migrate->run(Array)
#9 D:\xampp\htdocs\webnangcao\codeigniter\system\CLI\Console.php(48): CodeIgniter\CLI\Commands->run('migrate', Array)
#10 D:\xampp\htdocs\webnangcao\codeigniter\system\Boot.php(360): CodeIgniter\CLI\Console->run()
#11 D:\xampp\htdocs\webnangcao\codeigniter\system\Boot.php(104): CodeIgniter\Boot::runCommand(Object(CodeIgniter\CLI\Console))
#12 D:\xampp\htdocs\webnangcao\codeigniter\spark(84): CodeIgniter\Boot::bootSpark(Object(Config\Paths))
#13 {main}
ERROR - 2025-04-18 03:15:27 --> mysqli_sql_exception: Can't create table `kojitest`.`dishes` (errno: 150 "Foreign key constraint is incorrectly formed") in D:\xampp\htdocs\webnangcao\codeigniter\system\Database\MySQLi\Connection.php:327
Stack trace:
#0 D:\xampp\htdocs\webnangcao\codeigniter\system\Database\MySQLi\Connection.php(327): mysqli->query('CREATE TABLE `d...', 0)
#1 D:\xampp\htdocs\webnangcao\codeigniter\system\Database\BaseConnection.php(738): CodeIgniter\Database\MySQLi\Connection->execute('CREATE TABLE `d...')
#2 D:\xampp\htdocs\webnangcao\codeigniter\system\Database\BaseConnection.php(652): CodeIgniter\Database\BaseConnection->simpleQuery('CREATE TABLE `d...')
#3 D:\xampp\htdocs\webnangcao\codeigniter\system\Database\Forge.php(570): CodeIgniter\Database\BaseConnection->query('CREATE TABLE `d...')
#4 D:\xampp\htdocs\webnangcao\codeigniter\app\Database\Migrations\2025-04-18-031425_CreatedishesTable.php(47): CodeIgniter\Database\Forge->createTable('dishes')
#5 D:\xampp\htdocs\webnangcao\codeigniter\system\Database\MigrationRunner.php(866): App\Database\Migrations\CreatedishesTable->up()
#6 D:\xampp\htdocs\webnangcao\codeigniter\system\Database\MigrationRunner.php(182): CodeIgniter\Database\MigrationRunner->migrate('up', Object(stdClass))
#7 D:\xampp\htdocs\webnangcao\codeigniter\system\Commands\Database\Migrate.php(85): CodeIgniter\Database\MigrationRunner->latest(NULL)
#8 D:\xampp\htdocs\webnangcao\codeigniter\system\CLI\Commands.php(70): CodeIgniter\Commands\Database\Migrate->run(Array)
#9 D:\xampp\htdocs\webnangcao\codeigniter\system\CLI\Console.php(48): CodeIgniter\CLI\Commands->run('migrate', Array)
#10 D:\xampp\htdocs\webnangcao\codeigniter\system\Boot.php(360): CodeIgniter\CLI\Console->run()
#11 D:\xampp\htdocs\webnangcao\codeigniter\system\Boot.php(104): CodeIgniter\Boot::runCommand(Object(CodeIgniter\CLI\Console))
#12 D:\xampp\htdocs\webnangcao\codeigniter\spark(84): CodeIgniter\Boot::bootSpark(Object(Config\Paths))
#13 {main}
